// Jest Snapshot v1, https://goo.gl/fbAQLP

exports[`matches snapshot-1 1`] = `
<button
  className="w3-btn w3-border w3-hover-blue"
  data-testid="button"
  onClick={[Function]}
>
  SUBMIT
</button>
`;

exports[`matches snapshot-2 1`] = `
<button
  className="w3-btn w3-border w3-hover-blue"
  data-testid="button"
  onClick={[Function]}
>
  SUBMIT
</button>
`;
